
> v2_skeleton@0.0.0 test
> vitest --run


[1m[46m RUN [49m[22m [36mv4.0.17 [39m[90m/Users/macbookair15/Desktop/Gastromap_antigravity_V2/v2_skeleton[39m

(node:32015) Warning: `--localstorage-file` was provided without a valid path
(Use `node --trace-warnings ...` to show where the warning was created)
 [31m❯[39m src/features/auth/Auth.test.jsx [2m([22m[2m0 test[22m[2m)[22m
(node:32013) Warning: `--localstorage-file` was provided without a valid path
(Use `node --trace-warnings ...` to show where the warning was created)
(node:32014) Warning: `--localstorage-file` was provided without a valid path
(Use `node --trace-warnings ...` to show where the warning was created)
 [31m❯[39m src/App.test.jsx [2m([22m[2m0 test[22m[2m)[22m
 [31m❯[39m src/features/public/Public.test.jsx [2m([22m[2m0 test[22m[2m)[22m
[90mstderr[2m | src/features/admin/__tests__/AdminLayout.test.jsx[2m > [22m[2mAdminLayout[2m > [22m[2mrenders sidebar with navigation items
[22m[39m⚠️ React Router Future Flag Warning: React Router will begin wrapping state updates in `React.startTransition` in v7. You can use the `v7_startTransition` future flag to opt-in early. For more information, see https://reactrouter.com/v6/upgrading/future#v7_starttransition.
⚠️ React Router Future Flag Warning: Relative route resolution within Splat routes is changing in v7. You can use the `v7_relativeSplatPath` future flag to opt-in early. For more information, see https://reactrouter.com/v6/upgrading/future#v7_relativesplatpath.

 [32m✓[39m src/features/admin/__tests__/AdminAIPage.test.jsx [2m([22m[2m4 tests[22m[2m)[22m[33m 447[2mms[22m[39m
 [32m✓[39m src/features/admin/__tests__/AdminStatsPage.test.jsx [2m([22m[2m4 tests[22m[2m)[22m[33m 528[2mms[22m[39m
     [33m[2m✓[22m[39m renders analytics page and main stats [33m 380[2mms[22m[39m
 [32m✓[39m src/features/admin/__tests__/AdminLayout.test.jsx [2m([22m[2m3 tests[22m[2m)[22m[33m 505[2mms[22m[39m
     [33m[2m✓[22m[39m renders sidebar with navigation items [33m 349[2mms[22m[39m
 [32m✓[39m src/features/admin/__tests__/AdminLocationsPage.test.jsx [2m([22m[2m4 tests[22m[2m)[22m[33m 1024[2mms[22m[39m
     [33m[2m✓[22m[39m renders locations page with stats [33m 409[2mms[22m[39m
     [33m[2m✓[22m[39m can switch tabs [33m 340[2mms[22m[39m
 [32m✓[39m src/features/admin/__tests__/AdminSubscriptionsPage.test.jsx [2m([22m[2m2 tests[22m[2m)[22m[32m 55[2mms[22m[39m
 [32m✓[39m src/features/admin/__tests__/AdminDashboardPage.test.jsx [2m([22m[2m4 tests[22m[2m)[22m[32m 113[2mms[22m[39m
 [32m✓[39m src/features/admin/__tests__/AdminUsersPage.test.jsx [2m([22m[2m3 tests[22m[2m)[22m[32m 102[2mms[22m[39m

[31m⎯⎯⎯⎯⎯⎯[39m[1m[41m Failed Suites 3 [49m[22m[31m⎯⎯⎯⎯⎯⎯⎯[39m

[41m[1m FAIL [22m[49m src/App.test.jsx[2m [ src/App.test.jsx ][22m
[41m[1m FAIL [22m[49m src/features/public/Public.test.jsx[2m [ src/features/public/Public.test.jsx ][22m
[41m[1m FAIL [22m[49m src/features/auth/Auth.test.jsx[2m [ src/features/auth/Auth.test.jsx ][22m
[31m[1mTypeError[22m: localStorage.getItem is not a function[39m
[36m [2m❯[22m ThemeController.getSavedTheme src/utils/ThemeController.js:[2m12:36[22m[39m
    [90m 10| [39m    [34mgetSavedTheme[39m() {
    [90m 11| [39m        [35mif[39m ([35mtypeof[39m window [33m===[39m [32m'undefined'[39m) [35mreturn[39m [32m'light'[39m[33m;[39m
    [90m 12| [39m        [35mconst[39m saved [33m=[39m localStorage[33m.[39m[34mgetItem[39m([35mthis[39m[33m.[39m[33mSTORAGE_KEY[39m)[33m;[39m
    [90m   | [39m                                   [31m^[39m
    [90m 13| [39m        [35mif[39m (saved [33m&&[39m saved [33m!==[39m [32m'auto'[39m) [35mreturn[39m saved[33m;[39m
    [90m 14| [39m        [35mreturn[39m [32m'auto'[39m[33m;[39m [90m// Default to auto logic[39m
[90m [2m❯[22m ThemeController.init src/utils/ThemeController.js:[2m56:28[22m[39m
[90m [2m❯[22m src/utils/ThemeController.js:[2m71:21[22m[39m

[31m[2m⎯⎯⎯⎯⎯⎯⎯⎯⎯⎯⎯⎯⎯⎯⎯⎯⎯⎯⎯⎯⎯⎯⎯⎯[1/3]⎯[22m[39m


[2m Test Files [22m [1m[31m3 failed[39m[22m[2m | [22m[1m[32m7 passed[39m[22m[90m (10)[39m
[2m      Tests [22m [1m[32m24 passed[39m[22m[90m (24)[39m
[2m   Start at [22m 20:56:25
[2m   Duration [22m 4.04s[2m (transform 982ms, setup 1.89s, import 4.66s, tests 2.77s, environment 7.96s)[22m

